============================= test session starts =============================
platform win32 -- Python 3.10.11, pytest-9.0.2, pluggy-1.6.0 -- C:\Users\sindu\AppData\Local\Microsoft\WindowsApps\PythonSoftwareFoundation.Python.3.10_qbz5n2kfra8p0\python.exe
cachedir: .pytest_cache
rootdir: E:\pipelinebnm-main (3)\pipelinebnm-main
configfile: pyproject.toml
plugins: anyio-4.12.1
collecting ... collected 59 items

tests/test_env.py::test_reset_returns_valid_observation PASSED           [  1%]
tests/test_env.py::test_step_loop_terminates_at_max_steps PASSED         [  3%]
tests/test_env.py::test_grader_is_deterministic PASSED                   [  5%]
tests/test_env.py::test_noop_baseline_scores_below_threshold PASSED      [  6%]
tests/test_env.py::test_correct_fix_increases_score PASSED               [  8%]
tests/test_env.py::test_generator_is_deterministic PASSED                [ 10%]
tests/test_env.py::test_server_ping PASSED                               [ 11%]
tests/test_env.py::test_server_reset_and_step PASSED                     [ 13%]
tests/test_env.py::test_task3_pii_penalty PASSED                         [ 15%]
tests/test_env.py::test_blast_radius_penalizes_score PASSED              [ 16%]
tests/test_grader2.py::TestGrader2RowsPassing::test_initial_state_rows PASSED [ 18%]
tests/test_grader2.py::TestGrader2RowsPassing::test_after_full_fix_rows_increase PASSED [ 20%]
tests/test_grader2.py::TestGrader2RowsPassing::test_grader_and_env_agree_noop FAILED [ 22%]
tests/test_grader2.py::TestGrader2RowsPassing::test_blast_events_reduce_score PASSED [ 23%]
tests/test_grader2.py::TestGrader2RowsPassing::test_grader_breakdown_completeness PASSED [ 25%]
tests/test_inference.py::TestGrader1::test_zero_score_at_reset PASSED    [ 27%]
tests/test_inference.py::TestGrader1::test_score_increases_after_fix FAILED [ 28%]
tests/test_inference.py::TestGrader1::test_perfect_score_formula PASSED  [ 30%]
tests/test_inference.py::TestGrader1::test_identification_only_score PASSED [ 32%]
tests/test_inference.py::TestGrader1::test_breakdown_keys_present PASSED [ 33%]
tests/test_inference.py::TestGrader1::test_deterministic PASSED          [ 35%]
tests/test_inference.py::TestGrader1::test_noop_baseline_below_threshold PASSED [ 37%]
tests/test_inference.py::TestGrader2::test_returns_valid_range PASSED    [ 38%]
tests/test_inference.py::TestGrader2::test_blast_penalty_reduces_score PASSED [ 40%]
tests/test_inference.py::TestGrader2::test_breakdown_keys_present PASSED [ 42%]
tests/test_inference.py::TestGrader2::test_score_rounded_4_places PASSED [ 44%]
tests/test_inference.py::TestGrader3::test_pii_penalty_when_unmasked PASSED [ 45%]
tests/test_inference.py::TestGrader3::test_no_pii_penalty_when_masked PASSED [ 47%]
tests/test_inference.py::TestGrader3::test_perfect_score_all_true PASSED [ 49%]
tests/test_inference.py::TestGrader3::test_reasoning_bonus_from_aer PASSED [ 50%]
tests/test_inference.py::TestGrader3::test_score_clamped_to_range PASSED [ 52%]
tests/test_inference.py::TestGrader3::test_breakdown_all_keys_present PASSED [ 54%]
tests/test_inference.py::TestInference::test_parse_clean_json PASSED     [ 55%]
tests/test_inference.py::TestInference::test_parse_fenced_json PASSED    [ 57%]
tests/test_inference.py::TestInference::test_invalid_action_returns_none PASSED [ 59%]
tests/test_inference.py::TestInference::test_parse_garbage_returns_none PASSED [ 61%]
tests/test_inference.py::TestInference::test_belief_state_update PASSED  [ 62%]
tests/test_inference.py::TestInference::test_pii_sanitizer PASSED        [ 64%]
tests/test_inference.py::TestInference::test_compaction_summary_structure PASSED [ 66%]
tests/test_inference.py::TestInference::test_rolling_window_truncation PASSED [ 67%]
tests/test_inference.py::TestInference::test_grader_scores_are_floats PASSED [ 69%]
tests/test_inference.py::TestInference::test_episode_runtime_guard PASSED [ 71%]
tests/test_inference.py::TestBeliefState::test_confidence_increases_on_positive_reward PASSED [ 72%]
tests/test_inference.py::TestBeliefState::test_confidence_decreases_on_negative_reward PASSED [ 74%]
tests/test_inference.py::TestBeliefState::test_confidence_clamped_at_1 PASSED [ 76%]
tests/test_inference.py::TestBeliefState::test_confidence_clamped_at_0 PASSED [ 77%]
tests/test_inference.py::TestBeliefState::test_to_prompt_str_empty PASSED [ 79%]
tests/test_inference.py::TestBeliefState::test_to_prompt_str_with_data PASSED [ 81%]
tests/test_inference.py::TestBeliefState::test_belief_update_adds_candidates PASSED [ 83%]
tests/test_inference.py::TestBeliefState::test_belief_update_records_eliminated PASSED [ 84%]
tests/test_inference.py::TestEscalation::test_escalation_summary_contains_key_fields PASSED [ 86%]
tests/test_inference.py::TestGrader1Efficiency::test_efficiency_bonus_when_all_fixed_early PASSED [ 88%]
tests/test_inference.py::TestGrader1Efficiency::test_no_efficiency_bonus_when_bugs_remain PASSED [ 89%]
tests/test_inference.py::TestGrader2TypeCorrectness::test_type_correctness_in_breakdown PASSED [ 91%]
tests/test_inference.py::TestGrader3Bonuses::test_all_bonuses_in_breakdown PASSED [ 93%]
tests/test_inference.py::TestGrader3Bonuses::test_root_cause_attribution_exact_keyword PASSED [ 94%]
tests/test_inference.py::TestGrader3Bonuses::test_signals_bonus_scales_with_unlocked PASSED [ 96%]
tests/test_inference.py::TestGrader3Bonuses::test_pii_penalty_is_not_100 PASSED [ 98%]
tests/test_inference.py::TestGrader3Bonuses::test_perfect_agent_scores_above_09 PASSED [100%]

================================== FAILURES ===================================
____________ TestGrader2RowsPassing.test_grader_and_env_agree_noop ____________
tests\test_grader2.py:85: in test_grader_and_env_agree_noop
    assert result.score < 0.5  # NOOP should not score well
E   AssertionError: assert 0.7944 < 0.5
E    +  where 0.7944 = GraderResult(score=0.7944, breakdown={'rows_validation': 1.0, 'schema_compliance': 1.0, 'column_recovery': 0.7778, 'column_coverage': 0.7778, 'type_correctness': 0.0, 'blast_radius_penalty': -0.0, 'bugs_fixed': 0.0, 'rows_passing': 200.0, 'total_rows': 200.0, 'blast_events': 0.0}, explanation='rows_ok=200/200(x0.60), col_recovery=0.7778(x0.25), type_ok=0.0(x0.15), blast_penalty=-0.0 -> 0.7944').score
_________________ TestGrader1.test_score_increases_after_fix __________________
tests\test_inference.py:47: in test_score_increases_after_fix
    assert after > before
E   assert 0.0 > 0.0
=========================== short test summary info ===========================
FAILED tests/test_grader2.py::TestGrader2RowsPassing::test_grader_and_env_agree_noop
FAILED tests/test_inference.py::TestGrader1::test_score_increases_after_fix
======================== 2 failed, 57 passed in 6.35s =========================
